// Jest Snapshot v1, https://goo.gl/fbAQLP

exports[`Should render correctly editPage ! 1`] = `
<div>
  <p>
    Editing the element that has Id: 
    1
  </p>
  <ExpenseForm
    expense={
      Object {
        "amount": 150,
        "createdAt": -345600000,
        "description": "rent",
        "id": "1",
        "notes": "",
      }
    }
    onSubmit={[Function]}
  />
  <button>
    Remove
  </button>
</div>
`;
